<testsuites id="" name="" tests="10" failures="0" skipped="0" errors="0" time="5.933972">
<testsuite name="api.spec.ts" timestamp="2025-04-05T20:53:21.846Z" hostname="api-tests" tests="5" failures="0" skipped="0" time="0.436" errors="0">
<testcase name="API Testing Examples › GET request example" classname="api.spec.ts" time="0.133">
</testcase>
<testcase name="API Testing Examples › POST request example" classname="api.spec.ts" time="0.102">
</testcase>
<testcase name="API Testing Examples › PUT request example" classname="api.spec.ts" time="0.102">
</testcase>
<testcase name="API Testing Examples › DELETE request example" classname="api.spec.ts" time="0.062">
</testcase>
<testcase name="API Testing Examples › Testing with query parameters" classname="api.spec.ts" time="0.037">
</testcase>
</testsuite>
<testsuite name="example.spec.ts" timestamp="2025-04-05T20:53:21.846Z" hostname="chrome" tests="1" failures="0" skipped="0" time="0.413" errors="0">
<testcase name="basic web interaction test" classname="example.spec.ts" time="0.413">
</testcase>
</testsuite>
<testsuite name="example.spec.ts" timestamp="2025-04-05T20:53:21.846Z" hostname="firefox" tests="1" failures="0" skipped="0" time="0.782" errors="0">
<testcase name="basic web interaction test" classname="example.spec.ts" time="0.782">
</testcase>
</testsuite>
<testsuite name="example.spec.ts" timestamp="2025-04-05T20:53:21.846Z" hostname="webkit" tests="1" failures="0" skipped="0" time="0.983" errors="0">
<testcase name="basic web interaction test" classname="example.spec.ts" time="0.983">
</testcase>
</testsuite>
<testsuite name="example.spec.ts" timestamp="2025-04-05T20:53:21.846Z" hostname="mobile-chrome" tests="1" failures="0" skipped="0" time="0.483" errors="0">
<testcase name="basic web interaction test" classname="example.spec.ts" time="0.483">
</testcase>
</testsuite>
<testsuite name="example.spec.ts" timestamp="2025-04-05T20:53:21.846Z" hostname="mobile-safari" tests="1" failures="0" skipped="0" time="0.928" errors="0">
<testcase name="basic web interaction test" classname="example.spec.ts" time="0.928">
</testcase>
</testsuite>
</testsuites>